AoE - anywhere on Earth - 
      last place to observe any given calendar date

Day Dt Mon hh:mm:ss UTC Year: Zone name
Tue 18 Mar 09:35:06 -12 2025: AoE*
Tue 18 Mar 09:35:06 -12 2025: Etc/GMT+12
Tue 18 Mar 10:35:06 SST 2025: Pacific/Midway
Tue 18 Mar 10:35:07 -11 2025: Etc/GMT+11
Tue 18 Mar 11:35:07 HST 2025: Pacific/Honolulu
Tue 18 Mar 11:35:07 -10 2025: Etc/GMT+10
Tue 18 Mar 12:35:08 HDT 2025: US/Aleutian
Tue 18 Mar 12:35:08 -09 2025: Etc/GMT+9
Tue 18 Mar 13:35:08 AKDT 2025: America/Anchorage
Tue 18 Mar 13:35:08 -08 2025: Etc/GMT+8
Tue 18 Mar 14:35:09 PDT 2025: America/Los_Angeles
Tue 18 Mar 14:35:09 -07 2025: Etc/GMT+7
Tue 18 Mar 15:35:09 MDT 2025: America/Denver
Tue 18 Mar 15:35:10 -06 2025: Etc/GMT+6
Tue 18 Mar 16:35:10 CDT 2025: America/Chicago
Tue 18 Mar 16:35:10 -05 2025: Etc/GMT+5
Tue 18 Mar 17:35:11 EDT 2025: America/New_York
Tue 18 Mar 17:35:11 -04 2025: Etc/GMT+4
Tue 18 Mar 18:35:11 ADT 2025: America/Halifax
Tue 18 Mar 18:35:11 -03 2025: Etc/GMT+3
Tue 18 Mar 19:35:12 -02 2025: America/Scoresbysund
Tue 18 Mar 19:35:12 -02 2025: Etc/GMT+2
Tue 18 Mar 20:35:12 -01 2025: Atlantic/Azores
Tue 18 Mar 20:35:13 -01 2025: Etc/GMT+1
Tue 18 Mar 21:35:13 WET 2025: Europe/Lisbon
Tue 18 Mar 21:35:13 GMT 2025: Etc/GMT+0
Tue 18 Mar 22:35:14 CET 2025: Europe/Paris
Tue 18 Mar 22:35:14 +01 2025: Etc/GMT-1
Tue 18 Mar 23:35:14 EET 2025: Europe/Helsinki
Tue 18 Mar 23:35:15 +02 2025: Etc/GMT-2
Wed 19 Mar 00:35:15 MSK 2025: Europe/Moscow
Wed 19 Mar 00:35:15 +03 2025: Etc/GMT-3
Wed 19 Mar 01:35:15 +04 2025: Asia/Dubai
Wed 19 Mar 01:35:16 +04 2025: Etc/GMT-4
Wed 19 Mar 02:35:16 +05 2025: Asia/Yekaterinburg
Wed 19 Mar 02:35:16 +05 2025: Etc/GMT-5
Wed 19 Mar 03:35:17 +06 2025: Asia/Omsk
Wed 19 Mar 03:35:17 +06 2025: Etc/GMT-6
Wed 19 Mar 04:35:17 +07 2025: Asia/Saigon
Wed 19 Mar 04:35:18 +07 2025: Etc/GMT-7
Wed 19 Mar 05:35:18 HKT 2025: Asia/Hong_Kong
Wed 19 Mar 05:35:18 +08 2025: Etc/GMT-8
Wed 19 Mar 06:35:18 JST 2025: Asia/Tokyo
Wed 19 Mar 06:35:19 +09 2025: Etc/GMT-9
Wed 19 Mar 07:35:19 +10 2025: Asia/Vladivostok
Wed 19 Mar 07:35:19 +10 2025: Etc/GMT-10
Wed 19 Mar 08:35:20 AEDT 2025: Australia/Sydney
Wed 19 Mar 08:35:20 +11 2025: Etc/GMT-11
Wed 19 Mar 09:35:20 +12 2025: Pacific/Fiji
Wed 19 Mar 09:35:21 +12 2025: Etc/GMT-12
Wed 19 Mar 10:35:21 NZDT 2025: Pacific/Auckland
Wed 19 Mar 10:35:21 +13 2025: Etc/GMT-13
Wed 19 Mar 11:35:21 +14 2025: Pacific/Kiritimati
Wed 19 Mar 11:35:22 +14 2025: Etc/GMT-14

UTC +14 first place to observe any calendar date
UTC: Tue 18 Mar 21:35:22 UTC 2025
